root:!::0:99999:7:::
bin:*:20047:0:99999:7:::
daemon:*:20047:0:99999:7:::
adm:*:20047:0:99999:7:::
lp:*:20047:0:99999:7:::
sync:*:20047:0:99999:7:::
shutdown:*:20047:0:99999:7:::
halt:*:20047:0:99999:7:::
mail:*:20047:0:99999:7:::
operator:*:20047:0:99999:7:::
games:*:20047:0:99999:7:::
ftp:*:20047:0:99999:7:::
nobody:*:20047:0:99999:7:::
dbus:!!:20703::::::
tss:!!:20703::::::
systemd-oom:!*:20703::::::
systemd-resolve:!*:20703::::::
polkitd:!!:20703::::::
postfix:!!:20703::::::
sshd:!!:20703::::::
chrony:!!:20703::::::
dnsmasq:!!:20703::::::
systemd-coredump:!*:20703::::::
systemd-timesync:!*:20703::::::
balysh:$y$j9T$ffMIS07d49GfFbhS3pwUY4Kp$fBETVd/hzl.6h/jUey71CYGF4M9jDH.I47TJc6fo/ZD::0:99999:7:::
user2:!!:20703:0:90:7:::
vboxadd:!!:20703::::::
user1 <REDACTED> 20708 0 90 7   
